[Mon Mar 17 15:55:08.945441 2025] [ssl:warn] [pid 3384:tid 460] AH01909: www.example.com:443:0 server certificate does NOT include an ID which matches the server name
[Mon Mar 17 15:55:09.212334 2025] [ssl:warn] [pid 3384:tid 460] AH01909: www.example.com:443:0 server certificate does NOT include an ID which matches the server name
[Mon Mar 17 15:55:09.244238 2025] [mpm_winnt:notice] [pid 3384:tid 460] AH00455: Apache/2.4.58 (Win64) OpenSSL/3.1.3 PHP/8.2.12 configured -- resuming normal operations
[Mon Mar 17 15:55:09.244238 2025] [mpm_winnt:notice] [pid 3384:tid 460] AH00456: Apache Lounge VS17 Server built: Oct 18 2023 13:03:18
[Mon Mar 17 15:55:09.244238 2025] [core:notice] [pid 3384:tid 460] AH00094: Command line: 'd:\\programming languages\\xampp\\apache\\bin\\httpd.exe -d D:/PROGRAMMING LANGUAGES/XAMPP/apache'
[Mon Mar 17 15:55:09.514038 2025] [mpm_winnt:notice] [pid 3384:tid 460] AH00418: Parent: Created child process 2032
[Mon Mar 17 15:55:09.846813 2025] [ssl:warn] [pid 2032:tid 468] AH01909: www.example.com:443:0 server certificate does NOT include an ID which matches the server name
[Mon Mar 17 15:55:09.909736 2025] [ssl:warn] [pid 2032:tid 468] AH01909: www.example.com:443:0 server certificate does NOT include an ID which matches the server name
[Mon Mar 17 15:55:09.941193 2025] [mpm_winnt:notice] [pid 2032:tid 468] AH00354: Child: Starting 150 worker threads.
[Mon Mar 17 17:38:29.043968 2025] [ssl:warn] [pid 13248:tid 444] AH01909: www.example.com:443:0 server certificate does NOT include an ID which matches the server name
[Mon Mar 17 17:38:29.394654 2025] [core:warn] [pid 13248:tid 444] AH00098: pid file D:/PROGRAMMING LANGUAGES/XAMPP/apache/logs/httpd.pid overwritten -- Unclean shutdown of previous Apache run?
[Mon Mar 17 17:38:29.394654 2025] [ssl:warn] [pid 13248:tid 444] AH01909: www.example.com:443:0 server certificate does NOT include an ID which matches the server name
[Mon Mar 17 17:38:29.426406 2025] [mpm_winnt:notice] [pid 13248:tid 444] AH00455: Apache/2.4.58 (Win64) OpenSSL/3.1.3 PHP/8.2.12 configured -- resuming normal operations
[Mon Mar 17 17:38:29.426406 2025] [mpm_winnt:notice] [pid 13248:tid 444] AH00456: Apache Lounge VS17 Server built: Oct 18 2023 13:03:18
[Mon Mar 17 17:38:29.426406 2025] [core:notice] [pid 13248:tid 444] AH00094: Command line: 'd:\\programming languages\\xampp\\apache\\bin\\httpd.exe -d D:/PROGRAMMING LANGUAGES/XAMPP/apache'
[Mon Mar 17 17:38:29.442139 2025] [mpm_winnt:notice] [pid 13248:tid 444] AH00418: Parent: Created child process 14908
[Mon Mar 17 17:38:29.752037 2025] [ssl:warn] [pid 14908:tid 480] AH01909: www.example.com:443:0 server certificate does NOT include an ID which matches the server name
[Mon Mar 17 17:38:29.830970 2025] [ssl:warn] [pid 14908:tid 480] AH01909: www.example.com:443:0 server certificate does NOT include an ID which matches the server name
[Mon Mar 17 17:38:29.870217 2025] [mpm_winnt:notice] [pid 14908:tid 480] AH00354: Child: Starting 150 worker threads.
[Mon Mar 17 17:38:55.664887 2025] [php:error] [pid 14908:tid 1932] [client ::1:49985] PHP Fatal error:  Uncaught PDOException: SQLSTATE[HY000] [1049] Unknown database 'shop_db' in D:\\PROGRAMMING LANGUAGES\\XAMPP\\htdocs\\TheBakingBreak-Website-\\project\\components\\connect.php:6\nStack trace:\n#0 D:\\PROGRAMMING LANGUAGES\\XAMPP\\htdocs\\TheBakingBreak-Website-\\project\\components\\connect.php(6): PDO->__construct('mysql:host=loca...', 'root', Object(SensitiveParameterValue))\n#1 D:\\PROGRAMMING LANGUAGES\\XAMPP\\htdocs\\TheBakingBreak-Website-\\project\\admin\\admin_login.php(3): include('D:\\\\PROGRAMMING ...')\n#2 {main}\n  thrown in D:\\PROGRAMMING LANGUAGES\\XAMPP\\htdocs\\TheBakingBreak-Website-\\project\\components\\connect.php on line 6
[Mon Mar 17 18:22:47.755859 2025] [php:error] [pid 14908:tid 1896] [client ::1:51741] PHP Fatal error:  Uncaught PDOException: PDO::__construct(): Argument #1 ($dsn) must be a valid data source name in D:\\PROGRAMMING LANGUAGES\\XAMPP\\htdocs\\TheBakingBreak-Website-\\project\\components\\connect.php:6\nStack trace:\n#0 D:\\PROGRAMMING LANGUAGES\\XAMPP\\htdocs\\TheBakingBreak-Website-\\project\\components\\connect.php(6): PDO->__construct('localhost;dbnam...', 'root', Object(SensitiveParameterValue))\n#1 D:\\PROGRAMMING LANGUAGES\\XAMPP\\htdocs\\TheBakingBreak-Website-\\project\\admin\\admin_login.php(3): include('D:\\\\PROGRAMMING ...')\n#2 {main}\n  thrown in D:\\PROGRAMMING LANGUAGES\\XAMPP\\htdocs\\TheBakingBreak-Website-\\project\\components\\connect.php on line 6
[Mon Mar 17 18:23:55.610555 2025] [php:warn] [pid 14908:tid 1896] [client ::1:51779] PHP Warning:  mysqli::__construct(): php_network_getaddresses: getaddrinfo for localhost;dbname=shop_db failed: No such host is known.  in D:\\PROGRAMMING LANGUAGES\\XAMPP\\htdocs\\TheBakingBreak-Website-\\project\\connect_user.php on line 6
[Mon Mar 17 18:23:55.610555 2025] [php:error] [pid 14908:tid 1896] [client ::1:51779] PHP Fatal error:  Uncaught mysqli_sql_exception: php_network_getaddresses: getaddrinfo for localhost;dbname=shop_db failed: No such host is known.  in D:\\PROGRAMMING LANGUAGES\\XAMPP\\htdocs\\TheBakingBreak-Website-\\project\\connect_user.php:6\nStack trace:\n#0 D:\\PROGRAMMING LANGUAGES\\XAMPP\\htdocs\\TheBakingBreak-Website-\\project\\connect_user.php(6): mysqli->__construct('localhost;dbnam...', 'root', Object(SensitiveParameterValue), 'login')\n#1 D:\\PROGRAMMING LANGUAGES\\XAMPP\\htdocs\\TheBakingBreak-Website-\\project\\index.php(3): include('D:\\\\PROGRAMMING ...')\n#2 {main}\n  thrown in D:\\PROGRAMMING LANGUAGES\\XAMPP\\htdocs\\TheBakingBreak-Website-\\project\\connect_user.php on line 6
[Mon Mar 17 18:28:07.845738 2025] [php:warn] [pid 14908:tid 1912] [client ::1:51912] PHP Warning:  mysqli::__construct(): php_network_getaddresses: getaddrinfo for localhost;dbname=shop_db failed: No such host is known.  in D:\\PROGRAMMING LANGUAGES\\XAMPP\\htdocs\\TheBakingBreak-Website-\\project\\connect_user.php on line 6
[Mon Mar 17 18:28:07.845738 2025] [php:error] [pid 14908:tid 1912] [client ::1:51912] PHP Fatal error:  Uncaught mysqli_sql_exception: php_network_getaddresses: getaddrinfo for localhost;dbname=shop_db failed: No such host is known.  in D:\\PROGRAMMING LANGUAGES\\XAMPP\\htdocs\\TheBakingBreak-Website-\\project\\connect_user.php:6\nStack trace:\n#0 D:\\PROGRAMMING LANGUAGES\\XAMPP\\htdocs\\TheBakingBreak-Website-\\project\\connect_user.php(6): mysqli->__construct('localhost;dbnam...', 'root', Object(SensitiveParameterValue), 'login')\n#1 D:\\PROGRAMMING LANGUAGES\\XAMPP\\htdocs\\TheBakingBreak-Website-\\project\\index.php(3): include('D:\\\\PROGRAMMING ...')\n#2 {main}\n  thrown in D:\\PROGRAMMING LANGUAGES\\XAMPP\\htdocs\\TheBakingBreak-Website-\\project\\connect_user.php on line 6
[Mon Mar 17 18:28:10.475608 2025] [php:warn] [pid 14908:tid 1912] [client ::1:51912] PHP Warning:  mysqli::__construct(): php_network_getaddresses: getaddrinfo for localhost;dbname=shop_db failed: No such host is known.  in D:\\PROGRAMMING LANGUAGES\\XAMPP\\htdocs\\TheBakingBreak-Website-\\project\\connect_user.php on line 6
[Mon Mar 17 18:28:10.475608 2025] [php:error] [pid 14908:tid 1912] [client ::1:51912] PHP Fatal error:  Uncaught mysqli_sql_exception: php_network_getaddresses: getaddrinfo for localhost;dbname=shop_db failed: No such host is known.  in D:\\PROGRAMMING LANGUAGES\\XAMPP\\htdocs\\TheBakingBreak-Website-\\project\\connect_user.php:6\nStack trace:\n#0 D:\\PROGRAMMING LANGUAGES\\XAMPP\\htdocs\\TheBakingBreak-Website-\\project\\connect_user.php(6): mysqli->__construct('localhost;dbnam...', 'root', Object(SensitiveParameterValue), 'login')\n#1 D:\\PROGRAMMING LANGUAGES\\XAMPP\\htdocs\\TheBakingBreak-Website-\\project\\index.php(3): include('D:\\\\PROGRAMMING ...')\n#2 {main}\n  thrown in D:\\PROGRAMMING LANGUAGES\\XAMPP\\htdocs\\TheBakingBreak-Website-\\project\\connect_user.php on line 6
[Mon Mar 17 18:28:19.992153 2025] [php:warn] [pid 14908:tid 1896] [client ::1:51913] PHP Warning:  mysqli::__construct(): php_network_getaddresses: getaddrinfo for localhost;dbname=shop_db failed: No such host is known.  in D:\\PROGRAMMING LANGUAGES\\XAMPP\\htdocs\\TheBakingBreak-Website-\\project\\connect_user.php on line 6
[Mon Mar 17 18:28:19.992153 2025] [php:error] [pid 14908:tid 1896] [client ::1:51913] PHP Fatal error:  Uncaught mysqli_sql_exception: php_network_getaddresses: getaddrinfo for localhost;dbname=shop_db failed: No such host is known.  in D:\\PROGRAMMING LANGUAGES\\XAMPP\\htdocs\\TheBakingBreak-Website-\\project\\connect_user.php:6\nStack trace:\n#0 D:\\PROGRAMMING LANGUAGES\\XAMPP\\htdocs\\TheBakingBreak-Website-\\project\\connect_user.php(6): mysqli->__construct('localhost;dbnam...', 'root', Object(SensitiveParameterValue), 'login')\n#1 D:\\PROGRAMMING LANGUAGES\\XAMPP\\htdocs\\TheBakingBreak-Website-\\project\\index.php(3): include('D:\\\\PROGRAMMING ...')\n#2 {main}\n  thrown in D:\\PROGRAMMING LANGUAGES\\XAMPP\\htdocs\\TheBakingBreak-Website-\\project\\connect_user.php on line 6
[Mon Mar 17 18:29:18.909073 2025] [php:warn] [pid 14908:tid 1912] [client ::1:51919] PHP Warning:  mysqli::__construct(): php_network_getaddresses: getaddrinfo for localhost;dbname=shop_db failed: No such host is known.  in D:\\PROGRAMMING LANGUAGES\\XAMPP\\htdocs\\TheBakingBreak-Website-\\project\\connect_user.php on line 6
[Mon Mar 17 18:29:18.909073 2025] [php:error] [pid 14908:tid 1912] [client ::1:51919] PHP Fatal error:  Uncaught mysqli_sql_exception: php_network_getaddresses: getaddrinfo for localhost;dbname=shop_db failed: No such host is known.  in D:\\PROGRAMMING LANGUAGES\\XAMPP\\htdocs\\TheBakingBreak-Website-\\project\\connect_user.php:6\nStack trace:\n#0 D:\\PROGRAMMING LANGUAGES\\XAMPP\\htdocs\\TheBakingBreak-Website-\\project\\connect_user.php(6): mysqli->__construct('localhost;dbnam...', 'root', Object(SensitiveParameterValue), 'login')\n#1 D:\\PROGRAMMING LANGUAGES\\XAMPP\\htdocs\\TheBakingBreak-Website-\\project\\index.php(3): include('D:\\\\PROGRAMMING ...')\n#2 {main}\n  thrown in D:\\PROGRAMMING LANGUAGES\\XAMPP\\htdocs\\TheBakingBreak-Website-\\project\\connect_user.php on line 6
[Mon Mar 17 18:29:30.815861 2025] [php:warn] [pid 14908:tid 1896] [client ::1:51957] PHP Warning:  mysqli::__construct(): php_network_getaddresses: getaddrinfo for localhost;dbname=shop_db failed: No such host is known.  in D:\\PROGRAMMING LANGUAGES\\XAMPP\\htdocs\\TheBakingBreak-Website-\\project\\connect_user.php on line 6
[Mon Mar 17 18:29:30.817164 2025] [php:error] [pid 14908:tid 1896] [client ::1:51957] PHP Fatal error:  Uncaught mysqli_sql_exception: php_network_getaddresses: getaddrinfo for localhost;dbname=shop_db failed: No such host is known.  in D:\\PROGRAMMING LANGUAGES\\XAMPP\\htdocs\\TheBakingBreak-Website-\\project\\connect_user.php:6\nStack trace:\n#0 D:\\PROGRAMMING LANGUAGES\\XAMPP\\htdocs\\TheBakingBreak-Website-\\project\\connect_user.php(6): mysqli->__construct('localhost;dbnam...', 'root', Object(SensitiveParameterValue), 'login')\n#1 D:\\PROGRAMMING LANGUAGES\\XAMPP\\htdocs\\TheBakingBreak-Website-\\project\\index.php(3): include('D:\\\\PROGRAMMING ...')\n#2 {main}\n  thrown in D:\\PROGRAMMING LANGUAGES\\XAMPP\\htdocs\\TheBakingBreak-Website-\\project\\connect_user.php on line 6
[Mon Mar 17 18:30:29.736706 2025] [php:warn] [pid 14908:tid 1912] [client ::1:51964] PHP Warning:  mysqli::__construct(): php_network_getaddresses: getaddrinfo for localhost;dbname=shop_db failed: No such host is known.  in D:\\PROGRAMMING LANGUAGES\\XAMPP\\htdocs\\TheBakingBreak-Website-\\project\\connect_user.php on line 6
[Mon Mar 17 18:30:29.736706 2025] [php:error] [pid 14908:tid 1912] [client ::1:51964] PHP Fatal error:  Uncaught mysqli_sql_exception: php_network_getaddresses: getaddrinfo for localhost;dbname=shop_db failed: No such host is known.  in D:\\PROGRAMMING LANGUAGES\\XAMPP\\htdocs\\TheBakingBreak-Website-\\project\\connect_user.php:6\nStack trace:\n#0 D:\\PROGRAMMING LANGUAGES\\XAMPP\\htdocs\\TheBakingBreak-Website-\\project\\connect_user.php(6): mysqli->__construct('localhost;dbnam...', 'root', Object(SensitiveParameterValue), 'login')\n#1 D:\\PROGRAMMING LANGUAGES\\XAMPP\\htdocs\\TheBakingBreak-Website-\\project\\index.php(3): include('D:\\\\PROGRAMMING ...')\n#2 {main}\n  thrown in D:\\PROGRAMMING LANGUAGES\\XAMPP\\htdocs\\TheBakingBreak-Website-\\project\\connect_user.php on line 6
[Mon Mar 17 18:30:30.354012 2025] [php:warn] [pid 14908:tid 1912] [client ::1:51964] PHP Warning:  mysqli::__construct(): php_network_getaddresses: getaddrinfo for localhost;dbname=shop_db failed: No such host is known.  in D:\\PROGRAMMING LANGUAGES\\XAMPP\\htdocs\\TheBakingBreak-Website-\\project\\connect_user.php on line 6
[Mon Mar 17 18:30:30.354012 2025] [php:error] [pid 14908:tid 1912] [client ::1:51964] PHP Fatal error:  Uncaught mysqli_sql_exception: php_network_getaddresses: getaddrinfo for localhost;dbname=shop_db failed: No such host is known.  in D:\\PROGRAMMING LANGUAGES\\XAMPP\\htdocs\\TheBakingBreak-Website-\\project\\connect_user.php:6\nStack trace:\n#0 D:\\PROGRAMMING LANGUAGES\\XAMPP\\htdocs\\TheBakingBreak-Website-\\project\\connect_user.php(6): mysqli->__construct('localhost;dbnam...', 'root', Object(SensitiveParameterValue), 'login')\n#1 D:\\PROGRAMMING LANGUAGES\\XAMPP\\htdocs\\TheBakingBreak-Website-\\project\\index.php(3): include('D:\\\\PROGRAMMING ...')\n#2 {main}\n  thrown in D:\\PROGRAMMING LANGUAGES\\XAMPP\\htdocs\\TheBakingBreak-Website-\\project\\connect_user.php on line 6
[Mon Mar 17 18:30:30.561544 2025] [php:warn] [pid 14908:tid 1912] [client ::1:51964] PHP Warning:  mysqli::__construct(): php_network_getaddresses: getaddrinfo for localhost;dbname=shop_db failed: No such host is known.  in D:\\PROGRAMMING LANGUAGES\\XAMPP\\htdocs\\TheBakingBreak-Website-\\project\\connect_user.php on line 6
[Mon Mar 17 18:30:30.561544 2025] [php:error] [pid 14908:tid 1912] [client ::1:51964] PHP Fatal error:  Uncaught mysqli_sql_exception: php_network_getaddresses: getaddrinfo for localhost;dbname=shop_db failed: No such host is known.  in D:\\PROGRAMMING LANGUAGES\\XAMPP\\htdocs\\TheBakingBreak-Website-\\project\\connect_user.php:6\nStack trace:\n#0 D:\\PROGRAMMING LANGUAGES\\XAMPP\\htdocs\\TheBakingBreak-Website-\\project\\connect_user.php(6): mysqli->__construct('localhost;dbnam...', 'root', Object(SensitiveParameterValue), 'login')\n#1 D:\\PROGRAMMING LANGUAGES\\XAMPP\\htdocs\\TheBakingBreak-Website-\\project\\index.php(3): include('D:\\\\PROGRAMMING ...')\n#2 {main}\n  thrown in D:\\PROGRAMMING LANGUAGES\\XAMPP\\htdocs\\TheBakingBreak-Website-\\project\\connect_user.php on line 6
[Mon Mar 17 18:30:30.747993 2025] [php:warn] [pid 14908:tid 1912] [client ::1:51964] PHP Warning:  mysqli::__construct(): php_network_getaddresses: getaddrinfo for localhost;dbname=shop_db failed: No such host is known.  in D:\\PROGRAMMING LANGUAGES\\XAMPP\\htdocs\\TheBakingBreak-Website-\\project\\connect_user.php on line 6
[Mon Mar 17 18:30:30.747993 2025] [php:error] [pid 14908:tid 1912] [client ::1:51964] PHP Fatal error:  Uncaught mysqli_sql_exception: php_network_getaddresses: getaddrinfo for localhost;dbname=shop_db failed: No such host is known.  in D:\\PROGRAMMING LANGUAGES\\XAMPP\\htdocs\\TheBakingBreak-Website-\\project\\connect_user.php:6\nStack trace:\n#0 D:\\PROGRAMMING LANGUAGES\\XAMPP\\htdocs\\TheBakingBreak-Website-\\project\\connect_user.php(6): mysqli->__construct('localhost;dbnam...', 'root', Object(SensitiveParameterValue), 'login')\n#1 D:\\PROGRAMMING LANGUAGES\\XAMPP\\htdocs\\TheBakingBreak-Website-\\project\\index.php(3): include('D:\\\\PROGRAMMING ...')\n#2 {main}\n  thrown in D:\\PROGRAMMING LANGUAGES\\XAMPP\\htdocs\\TheBakingBreak-Website-\\project\\connect_user.php on line 6
[Mon Mar 17 18:30:30.914848 2025] [php:warn] [pid 14908:tid 1912] [client ::1:51964] PHP Warning:  mysqli::__construct(): php_network_getaddresses: getaddrinfo for localhost;dbname=shop_db failed: No such host is known.  in D:\\PROGRAMMING LANGUAGES\\XAMPP\\htdocs\\TheBakingBreak-Website-\\project\\connect_user.php on line 6
[Mon Mar 17 18:30:30.914848 2025] [php:error] [pid 14908:tid 1912] [client ::1:51964] PHP Fatal error:  Uncaught mysqli_sql_exception: php_network_getaddresses: getaddrinfo for localhost;dbname=shop_db failed: No such host is known.  in D:\\PROGRAMMING LANGUAGES\\XAMPP\\htdocs\\TheBakingBreak-Website-\\project\\connect_user.php:6\nStack trace:\n#0 D:\\PROGRAMMING LANGUAGES\\XAMPP\\htdocs\\TheBakingBreak-Website-\\project\\connect_user.php(6): mysqli->__construct('localhost;dbnam...', 'root', Object(SensitiveParameterValue), 'login')\n#1 D:\\PROGRAMMING LANGUAGES\\XAMPP\\htdocs\\TheBakingBreak-Website-\\project\\index.php(3): include('D:\\\\PROGRAMMING ...')\n#2 {main}\n  thrown in D:\\PROGRAMMING LANGUAGES\\XAMPP\\htdocs\\TheBakingBreak-Website-\\project\\connect_user.php on line 6
[Mon Mar 17 18:30:31.084382 2025] [php:warn] [pid 14908:tid 1912] [client ::1:51964] PHP Warning:  mysqli::__construct(): php_network_getaddresses: getaddrinfo for localhost;dbname=shop_db failed: No such host is known.  in D:\\PROGRAMMING LANGUAGES\\XAMPP\\htdocs\\TheBakingBreak-Website-\\project\\connect_user.php on line 6
[Mon Mar 17 18:30:31.084382 2025] [php:error] [pid 14908:tid 1912] [client ::1:51964] PHP Fatal error:  Uncaught mysqli_sql_exception: php_network_getaddresses: getaddrinfo for localhost;dbname=shop_db failed: No such host is known.  in D:\\PROGRAMMING LANGUAGES\\XAMPP\\htdocs\\TheBakingBreak-Website-\\project\\connect_user.php:6\nStack trace:\n#0 D:\\PROGRAMMING LANGUAGES\\XAMPP\\htdocs\\TheBakingBreak-Website-\\project\\connect_user.php(6): mysqli->__construct('localhost;dbnam...', 'root', Object(SensitiveParameterValue), 'login')\n#1 D:\\PROGRAMMING LANGUAGES\\XAMPP\\htdocs\\TheBakingBreak-Website-\\project\\index.php(3): include('D:\\\\PROGRAMMING ...')\n#2 {main}\n  thrown in D:\\PROGRAMMING LANGUAGES\\XAMPP\\htdocs\\TheBakingBreak-Website-\\project\\connect_user.php on line 6
[Mon Mar 17 18:30:31.418754 2025] [php:warn] [pid 14908:tid 1912] [client ::1:51964] PHP Warning:  mysqli::__construct(): php_network_getaddresses: getaddrinfo for localhost;dbname=shop_db failed: No such host is known.  in D:\\PROGRAMMING LANGUAGES\\XAMPP\\htdocs\\TheBakingBreak-Website-\\project\\connect_user.php on line 6
[Mon Mar 17 18:30:31.418754 2025] [php:error] [pid 14908:tid 1912] [client ::1:51964] PHP Fatal error:  Uncaught mysqli_sql_exception: php_network_getaddresses: getaddrinfo for localhost;dbname=shop_db failed: No such host is known.  in D:\\PROGRAMMING LANGUAGES\\XAMPP\\htdocs\\TheBakingBreak-Website-\\project\\connect_user.php:6\nStack trace:\n#0 D:\\PROGRAMMING LANGUAGES\\XAMPP\\htdocs\\TheBakingBreak-Website-\\project\\connect_user.php(6): mysqli->__construct('localhost;dbnam...', 'root', Object(SensitiveParameterValue), 'login')\n#1 D:\\PROGRAMMING LANGUAGES\\XAMPP\\htdocs\\TheBakingBreak-Website-\\project\\index.php(3): include('D:\\\\PROGRAMMING ...')\n#2 {main}\n  thrown in D:\\PROGRAMMING LANGUAGES\\XAMPP\\htdocs\\TheBakingBreak-Website-\\project\\connect_user.php on line 6
[Mon Mar 17 18:30:36.927080 2025] [php:warn] [pid 14908:tid 1896] [client ::1:51994] PHP Warning:  mysqli::__construct(): php_network_getaddresses: getaddrinfo for localhost;dbname=shop_db failed: No such host is known.  in D:\\PROGRAMMING LANGUAGES\\XAMPP\\htdocs\\TheBakingBreak-Website-\\project\\connect_user.php on line 6
[Mon Mar 17 18:30:36.927080 2025] [php:error] [pid 14908:tid 1896] [client ::1:51994] PHP Fatal error:  Uncaught mysqli_sql_exception: php_network_getaddresses: getaddrinfo for localhost;dbname=shop_db failed: No such host is known.  in D:\\PROGRAMMING LANGUAGES\\XAMPP\\htdocs\\TheBakingBreak-Website-\\project\\connect_user.php:6\nStack trace:\n#0 D:\\PROGRAMMING LANGUAGES\\XAMPP\\htdocs\\TheBakingBreak-Website-\\project\\connect_user.php(6): mysqli->__construct('localhost;dbnam...', 'root', Object(SensitiveParameterValue), 'login')\n#1 D:\\PROGRAMMING LANGUAGES\\XAMPP\\htdocs\\TheBakingBreak-Website-\\project\\index.php(3): include('D:\\\\PROGRAMMING ...')\n#2 {main}\n  thrown in D:\\PROGRAMMING LANGUAGES\\XAMPP\\htdocs\\TheBakingBreak-Website-\\project\\connect_user.php on line 6
[Mon Mar 17 18:36:02.005119 2025] [php:warn] [pid 14908:tid 1932] [client ::1:52231] PHP Warning:  Undefined variable $email in D:\\PROGRAMMING LANGUAGES\\XAMPP\\htdocs\\TheBakingBreak-Website-\\project\\register.php on line 9, referer: http://localhost/TheBakingBreak-Website-/project/login-form.php
[Mon Mar 17 18:36:02.101885 2025] [php:error] [pid 14908:tid 1932] [client ::1:52231] PHP Fatal error:  Uncaught mysqli_sql_exception: Unknown column 'username' in 'field list' in D:\\PROGRAMMING LANGUAGES\\XAMPP\\htdocs\\TheBakingBreak-Website-\\project\\register.php:16\nStack trace:\n#0 D:\\PROGRAMMING LANGUAGES\\XAMPP\\htdocs\\TheBakingBreak-Website-\\project\\register.php(16): mysqli->query('INSERT INTO use...')\n#1 {main}\n  thrown in D:\\PROGRAMMING LANGUAGES\\XAMPP\\htdocs\\TheBakingBreak-Website-\\project\\register.php on line 16, referer: http://localhost/TheBakingBreak-Website-/project/login-form.php
[Mon Mar 17 18:48:22.656743 2025] [php:warn] [pid 14908:tid 1912] [client ::1:52651] PHP Warning:  Undefined array key "email" in D:\\PROGRAMMING LANGUAGES\\XAMPP\\htdocs\\TheBakingBreak-Website-\\project\\register.php on line 6, referer: http://localhost/TheBakingBreak-Website-/project/login-form.php
[Mon Mar 17 18:48:22.656743 2025] [php:error] [pid 14908:tid 1912] [client ::1:52651] PHP Fatal error:  Uncaught mysqli_sql_exception: Unknown column 'username' in 'field list' in D:\\PROGRAMMING LANGUAGES\\XAMPP\\htdocs\\TheBakingBreak-Website-\\project\\register.php:17\nStack trace:\n#0 D:\\PROGRAMMING LANGUAGES\\XAMPP\\htdocs\\TheBakingBreak-Website-\\project\\register.php(17): mysqli->query('INSERT INTO use...')\n#1 {main}\n  thrown in D:\\PROGRAMMING LANGUAGES\\XAMPP\\htdocs\\TheBakingBreak-Website-\\project\\register.php on line 17, referer: http://localhost/TheBakingBreak-Website-/project/login-form.php
[Mon Mar 17 18:50:47.080481 2025] [php:warn] [pid 14908:tid 1916] [client ::1:52747] PHP Warning:  Undefined array key "email" in D:\\PROGRAMMING LANGUAGES\\XAMPP\\htdocs\\TheBakingBreak-Website-\\project\\register.php on line 6, referer: http://localhost/TheBakingBreak-Website-/project/login-form.php
[Mon Mar 17 18:50:47.080481 2025] [php:error] [pid 14908:tid 1916] [client ::1:52747] PHP Fatal error:  Uncaught mysqli_sql_exception: Unknown column 'username' in 'field list' in D:\\PROGRAMMING LANGUAGES\\XAMPP\\htdocs\\TheBakingBreak-Website-\\project\\register.php:17\nStack trace:\n#0 D:\\PROGRAMMING LANGUAGES\\XAMPP\\htdocs\\TheBakingBreak-Website-\\project\\register.php(17): mysqli->query('INSERT INTO use...')\n#1 {main}\n  thrown in D:\\PROGRAMMING LANGUAGES\\XAMPP\\htdocs\\TheBakingBreak-Website-\\project\\register.php on line 17, referer: http://localhost/TheBakingBreak-Website-/project/login-form.php
[Mon Mar 17 18:55:12.589226 2025] [php:warn] [pid 14908:tid 1912] [client ::1:52879] PHP Warning:  Undefined array key "email" in D:\\PROGRAMMING LANGUAGES\\XAMPP\\htdocs\\TheBakingBreak-Website-\\project\\register.php on line 6, referer: http://localhost/TheBakingBreak-Website-/project/login-form.php
[Mon Mar 17 18:55:12.592276 2025] [php:error] [pid 14908:tid 1912] [client ::1:52879] PHP Fatal error:  Uncaught mysqli_sql_exception: You have an error in your SQL syntax; check the manual that corresponds to your MariaDB server version for the right syntax to use near ')' at line 1 in D:\\PROGRAMMING LANGUAGES\\XAMPP\\htdocs\\TheBakingBreak-Website-\\project\\register.php:17\nStack trace:\n#0 D:\\PROGRAMMING LANGUAGES\\XAMPP\\htdocs\\TheBakingBreak-Website-\\project\\register.php(17): mysqli->query('INSERT INTO use...')\n#1 {main}\n  thrown in D:\\PROGRAMMING LANGUAGES\\XAMPP\\htdocs\\TheBakingBreak-Website-\\project\\register.php on line 17, referer: http://localhost/TheBakingBreak-Website-/project/login-form.php
[Mon Mar 17 18:56:21.271852 2025] [php:error] [pid 14908:tid 1924] [client ::1:52925] PHP Fatal error:  Uncaught mysqli_sql_exception: Unknown column 'tainsap1324.gmail.com' in 'field list' in D:\\PROGRAMMING LANGUAGES\\XAMPP\\htdocs\\TheBakingBreak-Website-\\project\\register.php:17\nStack trace:\n#0 D:\\PROGRAMMING LANGUAGES\\XAMPP\\htdocs\\TheBakingBreak-Website-\\project\\register.php(17): mysqli->query('INSERT INTO use...')\n#1 {main}\n  thrown in D:\\PROGRAMMING LANGUAGES\\XAMPP\\htdocs\\TheBakingBreak-Website-\\project\\register.php on line 17, referer: http://localhost/TheBakingBreak-Website-/project/login-form.php
[Mon Mar 17 18:57:27.351988 2025] [php:error] [pid 14908:tid 1912] [client ::1:52964] PHP Fatal error:  Uncaught mysqli_sql_exception: Unknown column 'tainsap1324.gmail.com' in 'field list' in D:\\PROGRAMMING LANGUAGES\\XAMPP\\htdocs\\TheBakingBreak-Website-\\project\\register.php:17\nStack trace:\n#0 D:\\PROGRAMMING LANGUAGES\\XAMPP\\htdocs\\TheBakingBreak-Website-\\project\\register.php(17): mysqli->query('INSERT INTO use...')\n#1 {main}\n  thrown in D:\\PROGRAMMING LANGUAGES\\XAMPP\\htdocs\\TheBakingBreak-Website-\\project\\register.php on line 17, referer: http://localhost/TheBakingBreak-Website-/project/login-form.php
[Mon Mar 17 18:59:20.951795 2025] [php:error] [pid 14908:tid 1924] [client ::1:53025] PHP Fatal error:  Uncaught mysqli_sql_exception: Unknown column 'username' in 'field list' in D:\\PROGRAMMING LANGUAGES\\XAMPP\\htdocs\\TheBakingBreak-Website-\\project\\register.php:26\nStack trace:\n#0 D:\\PROGRAMMING LANGUAGES\\XAMPP\\htdocs\\TheBakingBreak-Website-\\project\\register.php(26): mysqli->prepare('INSERT INTO use...')\n#1 {main}\n  thrown in D:\\PROGRAMMING LANGUAGES\\XAMPP\\htdocs\\TheBakingBreak-Website-\\project\\register.php on line 26, referer: http://localhost/TheBakingBreak-Website-/project/login-form.php
[Mon Mar 17 19:00:52.586602 2025] [php:warn] [pid 14908:tid 1924] [client ::1:53117] PHP Warning:  Undefined array key "email" in D:\\PROGRAMMING LANGUAGES\\XAMPP\\htdocs\\TheBakingBreak-Website-\\project\\register.php on line 39, referer: http://localhost/TheBakingBreak-Website-/project/login-form.php
[Mon Mar 17 19:15:13.502207 2025] [php:warn] [pid 14908:tid 1932] [client ::1:53577] PHP Warning:  Undefined array key "email" in D:\\PROGRAMMING LANGUAGES\\XAMPP\\htdocs\\TheBakingBreak-Website-\\project\\register.php on line 39, referer: http://localhost/TheBakingBreak-Website-/project/login-form.php
[Mon Mar 17 19:23:08.772483 2025] [php:warn] [pid 14908:tid 1896] [client ::1:53828] PHP Warning:  Undefined array key "email" in D:\\PROGRAMMING LANGUAGES\\XAMPP\\htdocs\\TheBakingBreak-Website-\\project\\register.php on line 39, referer: http://localhost/TheBakingBreak-Website-/project/login-form.php
[Mon Mar 17 19:27:28.924994 2025] [php:warn] [pid 14908:tid 1904] [client ::1:54003] PHP Warning:  Undefined array key "email" in D:\\PROGRAMMING LANGUAGES\\XAMPP\\htdocs\\TheBakingBreak-Website-\\project\\register.php on line 39, referer: http://localhost/TheBakingBreak-Website-/project/login-form.php
[Mon Mar 17 19:28:04.191455 2025] [php:error] [pid 14908:tid 1916] [client ::1:54022] script 'D:/PROGRAMMING LANGUAGES/XAMPP/htdocs/TheBakingBreak-Website-/project/login.php' not found or unable to stat, referer: http://localhost/TheBakingBreak-Website-/project/login-form.php
[Mon Mar 17 19:35:23.863836 2025] [php:error] [pid 14908:tid 1904] [client ::1:54385] script 'D:/PROGRAMMING LANGUAGES/XAMPP/htdocs/TheBakingBreak-Website-/project/login.php' not found or unable to stat, referer: http://localhost/TheBakingBreak-Website-/project/login-form.php
[Mon Mar 17 19:35:52.279311 2025] [php:error] [pid 14908:tid 1932] [client ::1:54386] script 'D:/PROGRAMMING LANGUAGES/XAMPP/htdocs/TheBakingBreak-Website-/project/login.php' not found or unable to stat, referer: http://localhost/TheBakingBreak-Website-/project/login-form.php
[Mon Mar 17 19:36:19.688023 2025] [php:error] [pid 14908:tid 1904] [client ::1:54424] script 'D:/PROGRAMMING LANGUAGES/XAMPP/htdocs/TheBakingBreak-Website-/project/login.php' not found or unable to stat, referer: http://localhost/TheBakingBreak-Website-/project/login-form.php
[Mon Mar 17 19:37:16.706659 2025] [php:error] [pid 14908:tid 1912] [client ::1:54483] script 'D:/PROGRAMMING LANGUAGES/XAMPP/htdocs/TheBakingBreak-Website-/project/login.php' not found or unable to stat, referer: http://localhost/TheBakingBreak-Website-/project/login-form.php
[Mon Mar 17 19:38:34.071220 2025] [php:error] [pid 14908:tid 1896] [client ::1:54523] script 'D:/PROGRAMMING LANGUAGES/XAMPP/htdocs/TheBakingBreak-Website-/project/login.php' not found or unable to stat, referer: http://localhost/TheBakingBreak-Website-/project/login-form.php
[Mon Mar 17 19:38:38.059464 2025] [php:error] [pid 14908:tid 1896] [client ::1:54523] script 'D:/PROGRAMMING LANGUAGES/XAMPP/htdocs/TheBakingBreak-Website-/project/login.php' not found or unable to stat, referer: http://localhost/TheBakingBreak-Website-/project/login-form.php
[Tue Mar 18 11:48:41.639203 2025] [ssl:warn] [pid 14272:tid 180] AH01909: www.example.com:443:0 server certificate does NOT include an ID which matches the server name
[Tue Mar 18 11:48:41.777602 2025] [core:warn] [pid 14272:tid 180] AH00098: pid file D:/PROGRAMMING LANGUAGES/XAMPP/apache/logs/httpd.pid overwritten -- Unclean shutdown of previous Apache run?
[Tue Mar 18 11:48:41.777602 2025] [ssl:warn] [pid 14272:tid 180] AH01909: www.example.com:443:0 server certificate does NOT include an ID which matches the server name
[Tue Mar 18 11:48:41.860539 2025] [mpm_winnt:notice] [pid 14272:tid 180] AH00455: Apache/2.4.58 (Win64) OpenSSL/3.1.3 PHP/8.2.12 configured -- resuming normal operations
[Tue Mar 18 11:48:41.860539 2025] [mpm_winnt:notice] [pid 14272:tid 180] AH00456: Apache Lounge VS17 Server built: Oct 18 2023 13:03:18
[Tue Mar 18 11:48:41.860539 2025] [core:notice] [pid 14272:tid 180] AH00094: Command line: 'd:\\programming languages\\xampp\\apache\\bin\\httpd.exe -d D:/PROGRAMMING LANGUAGES/XAMPP/apache'
[Tue Mar 18 11:48:41.950098 2025] [mpm_winnt:notice] [pid 14272:tid 180] AH00418: Parent: Created child process 14056
[Tue Mar 18 11:48:42.641551 2025] [ssl:warn] [pid 14056:tid 508] AH01909: www.example.com:443:0 server certificate does NOT include an ID which matches the server name
[Tue Mar 18 11:48:42.766327 2025] [ssl:warn] [pid 14056:tid 508] AH01909: www.example.com:443:0 server certificate does NOT include an ID which matches the server name
[Tue Mar 18 11:48:42.831846 2025] [mpm_winnt:notice] [pid 14056:tid 508] AH00354: Child: Starting 150 worker threads.
[Tue Mar 18 13:06:36.079938 2025] [mpm_winnt:crit] [pid 14056:tid 508] AH02538: Child: Parent process exited abruptly. Child process is ending
[Tue Mar 18 14:20:43.134172 2025] [ssl:warn] [pid 1728:tid 464] AH01909: www.example.com:443:0 server certificate does NOT include an ID which matches the server name
[Tue Mar 18 14:20:43.549245 2025] [core:warn] [pid 1728:tid 464] AH00098: pid file D:/PROGRAMMING LANGUAGES/XAMPP/apache/logs/httpd.pid overwritten -- Unclean shutdown of previous Apache run?
[Tue Mar 18 14:20:43.564930 2025] [ssl:warn] [pid 1728:tid 464] AH01909: www.example.com:443:0 server certificate does NOT include an ID which matches the server name
[Tue Mar 18 14:20:43.612176 2025] [mpm_winnt:notice] [pid 1728:tid 464] AH00455: Apache/2.4.58 (Win64) OpenSSL/3.1.3 PHP/8.2.12 configured -- resuming normal operations
[Tue Mar 18 14:20:43.612176 2025] [mpm_winnt:notice] [pid 1728:tid 464] AH00456: Apache Lounge VS17 Server built: Oct 18 2023 13:03:18
[Tue Mar 18 14:20:43.612176 2025] [core:notice] [pid 1728:tid 464] AH00094: Command line: 'd:\\programming languages\\xampp\\apache\\bin\\httpd.exe -d D:/PROGRAMMING LANGUAGES/XAMPP/apache'
[Tue Mar 18 14:20:43.627910 2025] [mpm_winnt:notice] [pid 1728:tid 464] AH00418: Parent: Created child process 13584
[Tue Mar 18 14:20:44.310261 2025] [ssl:warn] [pid 13584:tid 448] AH01909: www.example.com:443:0 server certificate does NOT include an ID which matches the server name
[Tue Mar 18 14:20:44.422238 2025] [ssl:warn] [pid 13584:tid 448] AH01909: www.example.com:443:0 server certificate does NOT include an ID which matches the server name
[Tue Mar 18 14:20:44.485922 2025] [mpm_winnt:notice] [pid 13584:tid 448] AH00354: Child: Starting 150 worker threads.
[Tue Mar 18 19:56:41.018252 2025] [mpm_winnt:crit] [pid 13584:tid 448] AH02538: Child: Parent process exited abruptly. Child process is ending
[Thu Apr 10 02:44:07.029730 2025] [ssl:warn] [pid 20436:tid 460] AH01909: www.example.com:443:0 server certificate does NOT include an ID which matches the server name
[Thu Apr 10 02:44:07.146405 2025] [core:warn] [pid 20436:tid 460] AH00098: pid file D:/PROGRAMMING LANGUAGES/XAMPP/apache/logs/httpd.pid overwritten -- Unclean shutdown of previous Apache run?
[Thu Apr 10 02:44:07.210306 2025] [ssl:warn] [pid 20436:tid 460] AH01909: www.example.com:443:0 server certificate does NOT include an ID which matches the server name
[Thu Apr 10 02:44:07.580807 2025] [mpm_winnt:notice] [pid 20436:tid 460] AH00455: Apache/2.4.58 (Win64) OpenSSL/3.1.3 PHP/8.2.12 configured -- resuming normal operations
[Thu Apr 10 02:44:07.580807 2025] [mpm_winnt:notice] [pid 20436:tid 460] AH00456: Apache Lounge VS17 Server built: Oct 18 2023 13:03:18
[Thu Apr 10 02:44:07.580807 2025] [core:notice] [pid 20436:tid 460] AH00094: Command line: 'd:\\programming languages\\xampp\\apache\\bin\\httpd.exe -d D:/PROGRAMMING LANGUAGES/XAMPP/apache'
[Thu Apr 10 02:44:07.587061 2025] [mpm_winnt:notice] [pid 20436:tid 460] AH00418: Parent: Created child process 19924
[Thu Apr 10 02:44:07.922539 2025] [ssl:warn] [pid 19924:tid 448] AH01909: www.example.com:443:0 server certificate does NOT include an ID which matches the server name
[Thu Apr 10 02:44:07.989795 2025] [ssl:warn] [pid 19924:tid 448] AH01909: www.example.com:443:0 server certificate does NOT include an ID which matches the server name
[Thu Apr 10 02:44:08.026661 2025] [mpm_winnt:notice] [pid 19924:tid 448] AH00354: Child: Starting 150 worker threads.
[Thu Apr 10 10:50:26.838664 2025] [ssl:warn] [pid 15276:tid 456] AH01909: www.example.com:443:0 server certificate does NOT include an ID which matches the server name
[Thu Apr 10 10:50:26.924852 2025] [core:warn] [pid 15276:tid 456] AH00098: pid file D:/PROGRAMMING LANGUAGES/XAMPP/apache/logs/httpd.pid overwritten -- Unclean shutdown of previous Apache run?
[Thu Apr 10 10:50:26.926851 2025] [ssl:warn] [pid 15276:tid 456] AH01909: www.example.com:443:0 server certificate does NOT include an ID which matches the server name
[Thu Apr 10 10:50:26.961905 2025] [mpm_winnt:notice] [pid 15276:tid 456] AH00455: Apache/2.4.58 (Win64) OpenSSL/3.1.3 PHP/8.2.12 configured -- resuming normal operations
[Thu Apr 10 10:50:26.961905 2025] [mpm_winnt:notice] [pid 15276:tid 456] AH00456: Apache Lounge VS17 Server built: Oct 18 2023 13:03:18
[Thu Apr 10 10:50:26.961905 2025] [core:notice] [pid 15276:tid 456] AH00094: Command line: 'd:\\programming languages\\xampp\\apache\\bin\\httpd.exe -d D:/PROGRAMMING LANGUAGES/XAMPP/apache'
[Thu Apr 10 10:50:26.961905 2025] [mpm_winnt:notice] [pid 15276:tid 456] AH00418: Parent: Created child process 12976
[Thu Apr 10 10:50:27.274509 2025] [ssl:warn] [pid 12976:tid 460] AH01909: www.example.com:443:0 server certificate does NOT include an ID which matches the server name
[Thu Apr 10 10:50:27.369208 2025] [ssl:warn] [pid 12976:tid 460] AH01909: www.example.com:443:0 server certificate does NOT include an ID which matches the server name
[Thu Apr 10 10:50:27.404075 2025] [mpm_winnt:notice] [pid 12976:tid 460] AH00354: Child: Starting 150 worker threads.
[Thu Apr 10 12:17:11.698442 2025] [mpm_winnt:crit] [pid 12976:tid 460] AH02538: Child: Parent process exited abruptly. Child process is ending
[Fri Apr 11 06:07:01.308704 2025] [ssl:warn] [pid 1932:tid 480] AH01909: www.example.com:443:0 server certificate does NOT include an ID which matches the server name
[Fri Apr 11 06:07:01.370232 2025] [core:warn] [pid 1932:tid 480] AH00098: pid file D:/PROGRAMMING LANGUAGES/XAMPP/apache/logs/httpd.pid overwritten -- Unclean shutdown of previous Apache run?
[Fri Apr 11 06:07:01.383053 2025] [ssl:warn] [pid 1932:tid 480] AH01909: www.example.com:443:0 server certificate does NOT include an ID which matches the server name
[Fri Apr 11 06:07:01.414768 2025] [mpm_winnt:notice] [pid 1932:tid 480] AH00455: Apache/2.4.58 (Win64) OpenSSL/3.1.3 PHP/8.2.12 configured -- resuming normal operations
[Fri Apr 11 06:07:01.414768 2025] [mpm_winnt:notice] [pid 1932:tid 480] AH00456: Apache Lounge VS17 Server built: Oct 18 2023 13:03:18
[Fri Apr 11 06:07:01.414768 2025] [core:notice] [pid 1932:tid 480] AH00094: Command line: 'd:\\programming languages\\xampp\\apache\\bin\\httpd.exe -d D:/PROGRAMMING LANGUAGES/XAMPP/apache'
[Fri Apr 11 06:07:01.418738 2025] [mpm_winnt:notice] [pid 1932:tid 480] AH00418: Parent: Created child process 14028
[Fri Apr 11 06:07:01.755638 2025] [ssl:warn] [pid 14028:tid 476] AH01909: www.example.com:443:0 server certificate does NOT include an ID which matches the server name
[Fri Apr 11 06:07:01.812616 2025] [ssl:warn] [pid 14028:tid 476] AH01909: www.example.com:443:0 server certificate does NOT include an ID which matches the server name
[Fri Apr 11 06:07:01.844223 2025] [mpm_winnt:notice] [pid 14028:tid 476] AH00354: Child: Starting 150 worker threads.
[Fri Apr 11 06:37:18.186795 2025] [mpm_winnt:crit] [pid 14028:tid 476] AH02538: Child: Parent process exited abruptly. Child process is ending
[Fri Apr 11 09:18:59.614485 2025] [ssl:warn] [pid 18736:tid 472] AH01909: www.example.com:443:0 server certificate does NOT include an ID which matches the server name
[Fri Apr 11 09:18:59.796466 2025] [core:warn] [pid 18736:tid 472] AH00098: pid file D:/PROGRAMMING LANGUAGES/XAMPP/apache/logs/httpd.pid overwritten -- Unclean shutdown of previous Apache run?
[Fri Apr 11 09:18:59.796466 2025] [ssl:warn] [pid 18736:tid 472] AH01909: www.example.com:443:0 server certificate does NOT include an ID which matches the server name
[Fri Apr 11 09:18:59.828436 2025] [mpm_winnt:notice] [pid 18736:tid 472] AH00455: Apache/2.4.58 (Win64) OpenSSL/3.1.3 PHP/8.2.12 configured -- resuming normal operations
[Fri Apr 11 09:18:59.828436 2025] [mpm_winnt:notice] [pid 18736:tid 472] AH00456: Apache Lounge VS17 Server built: Oct 18 2023 13:03:18
[Fri Apr 11 09:18:59.828436 2025] [core:notice] [pid 18736:tid 472] AH00094: Command line: 'd:\\programming languages\\xampp\\apache\\bin\\httpd.exe -d D:/PROGRAMMING LANGUAGES/XAMPP/apache'
[Fri Apr 11 09:18:59.844565 2025] [mpm_winnt:notice] [pid 18736:tid 472] AH00418: Parent: Created child process 22264
[Fri Apr 11 09:19:00.210216 2025] [ssl:warn] [pid 22264:tid 512] AH01909: www.example.com:443:0 server certificate does NOT include an ID which matches the server name
[Fri Apr 11 09:19:00.273549 2025] [ssl:warn] [pid 22264:tid 512] AH01909: www.example.com:443:0 server certificate does NOT include an ID which matches the server name
[Fri Apr 11 09:19:00.305271 2025] [mpm_winnt:notice] [pid 22264:tid 512] AH00354: Child: Starting 150 worker threads.
